---
source: src/cli/plugins/uninstall.rs
expression: output
---
uninstalling plugin: tiny

