---
source: src/config/config_file/mise_toml.rs
expression: cf.env()
---
{
    "NODE_ENV": "production",
}
