---
source: src/config/config_file/mise_toml.rs
expression: cf.toolset
---
Toolset {
    versions: {
        "node": ToolVersionList {
            plugin_name: "node",
            versions: [],
            requests: [
                (
                    Version(
                        "node",
                        "16.0.1",
                    ),
                    {},
                ),
                (
                    Version(
                        "node",
                        "18.0.1",
                    ),
                    {},
                ),
            ],
            source: MiseToml(
                "/tmp/.mise.toml",
            ),
        },
    },
    source: Some(
        MiseToml(
            "/tmp/.mise.toml",
        ),
    ),
    disable_tools: {},
}
