---
source: src/config/config_file/mise_toml.rs
expression: cf.dump()
---
[alias.node]
18 = "18.0.0"

