---
source: src/config/config_file/mise_toml.rs
expression: cf
---
/tmp/.mise.toml: node@16.0.1 node@18.0.1
