---
source: src/config/config_file/mise_toml.rs
expression: cf.dump()
---
env_path=["/foo", "./bar"]
[env]
foo="bar"

