---
source: src/shell/bash.rs
expression: "bash.activate(exe, \" --status\".into())"
---
export RTX_SHELL=bash
export __RTX_ORIG_PATH="$PATH"

rtx() {
  local command
  command="${1:-}"
  if [ "$#" = 0 ]; then
    command /nix/store/rtx
    return
  fi
  shift

  case "$command" in
  deactivate|s|shell)
    # if argv doesn't contains -h,--help
    if [[ ! " $@ " =~ " --help " ]] && [[ ! " $@ " =~ " -h " ]]; then
      eval "$(command /nix/store/rtx "$command" "$@")"
      return $?
    fi
    ;;
  esac
  command /nix/store/rtx "$command" "$@"
}

_rtx_hook() {
  local previous_exit_status=$?;
  eval "$(rtx hook-env --status -s bash)";
  return $previous_exit_status;
};
if [[ ";${PROMPT_COMMAND:-};" != *";_rtx_hook;"* ]]; then
  PROMPT_COMMAND="_rtx_hook${PROMPT_COMMAND:+;$PROMPT_COMMAND}"
fi
if [ -z "$_rtx_cmd_not_found" ]; then
    _rtx_cmd_not_found=1
    test -n "$(declare -f command_not_found_handle)" && eval "${_/command_not_found_handle/_command_not_found_handle}"

    command_not_found_handle() {
        if /nix/store/rtx hook-not-found -s bash "$1"; then
          _rtx_hook
          "$@"
        elif [ -n "$(declare -f _command_not_found_handle)" ]; then
            _command_not_found_handle "$@"
        else
            echo "bash: command not found: $1" >&2
            return 127
        fi
    }
fi

