---
source: src/cli/local.rs
expression: output
---
mise ~/cwd/.test-tool-versions tiny@2 tiny@1 tiny@3
