---
source: src/cli/global.rs
expression: output
---
mise ~/.test-tool-versions tiny
