---
source: src/cli/upgrade.rs
expression: output
---
mise Would uninstall tiny@3.0.0
mise Would install tiny@3.1.0
