---
source: src/cli/where.rs
expression: output
---
~/data/installs/tiny/3.1.0
