---
source: src/cli/upgrade.rs
expression: output
---
rtx Would uninstall tiny@3.0.0
rtx Would install tiny@3.1.0
