---
source: src/cli/where.rs
expression: output
---
~/data/installs/tiny/2.1.0
